// Jest Snapshot v1, https://goo.gl/fbAQLP

exports[`while running in a browser environment should render correctly 1`] = `
<div>
  <div
    class="ReactCollapse--collapse"
    style="overflow: hidden; height: 0px;"
  >
    <div
      class="ReactCollapse--content"
    >
      <p>
        salam
      </p>
    </div>
  </div>
</div>
`;
