// Jest Snapshot v1, https://goo.gl/fbAQLP

exports[`while running in a browser environment should render correctly 1`] = `
<div>
  <div
    role="navigation"
    style="position: absolute; top: 0px; left: 0px; right: 0px; bottom: 0px; overflow: hidden;"
  >
    <div
      style="z-index: 2; position: absolute; top: 0px; bottom: 0px; transition: transform .3s ease-out; will-change: transform; overflow-y: auto; left: 0px; transform: translateX(0%); box-shadow: 2px 2px 4px rgba(0, 0, 0, 0.15);"
    >
      <div>
        <a
          href="#"
        >
          Mock menu item 
          1
        </a>
      </div>
    </div>
    <div
      style="z-index: 1; position: fixed; top: 0px; left: 0px; right: 0px; bottom: 0px; opacity: 1; visibility: visible; transition: opacity .3s ease-out, visibility .3s ease-out; background-color: rgba(0, 0, 0, 0.3); display: block;"
    />
    <div
      style="position: absolute; top: 0px; left: 0px; right: 0px; bottom: 0px; overflow-y: auto; transition: left .3s ease-out, right .3s ease-out;"
    >
      <p>
        salam
      </p>
    </div>
  </div>
</div>
`;
